../Core/Src/mfrc522.c:23:6:MF522_init	40	static
../Core/Src/mfrc522.c:66:9:SPI_transfer	32	static
../Core/Src/mfrc522.c:72:9:MFRC522_Reset	8	static
../Core/Src/mfrc522.c:92:9:MFRC522_ReadRegister	24	static
../Core/Src/mfrc522.c:104:6:MFRC522_WriteRegister	24	static
../Core/Src/mfrc522.c:121:9:MFRC522_Request	48	static
../Core/Src/mfrc522.c:146:9:MFRC522_Anticoll	48	static
../Core/Src/mfrc522.c:183:9:MFRC522_Select	48	static
../Core/Src/mfrc522.c:217:9:MFRC522_AuthState	56	static
../Core/Src/mfrc522.c:243:9:MFRC522_Read	48	static
../Core/Src/mfrc522.c:271:9:MFRC522_Write	48	static
../Core/Src/mfrc522.c:300:9:MFRC522_Value	48	static
../Core/Src/mfrc522.c:339:9:MFRC522_BakValue	48	static
../Core/Src/mfrc522.c:382:9:MFRC522_Halt	40	static
../Core/Src/mfrc522.c:396:6:CalulateCRC	40	static
../Core/Src/mfrc522.c:416:6:SetBitMask	24	static
../Core/Src/mfrc522.c:429:6:ClearBitMask	24	static
../Core/Src/mfrc522.c:436:9:MFRC522_ComMF522	40	static
../Core/Src/mfrc522.c:529:6:MFRC522_AntennaOn	16	static
../Core/Src/mfrc522.c:538:6:MFRC522_AntennaOff	8	static
../Core/Src/mfrc522.c:542:6:dumpHex	24	static
